00:00 +0: loading D:/unpam/semester 4/Senin - Mobile Programing/BreezeBudy - project UAS/breezebudy/test/widget_test.dart
00:00 +0: App loads and shows splash title
Pending timers:
Timer (duration: 0:00:03.000000, periodic: false), created:
#0      new FakeTimer._ (package:fake_async/fake_async.dart:342:62)
#1      FakeAsync._createTimer (package:fake_async/fake_async.dart:260:29)
#2      FakeAsync.run.<anonymous closure> (package:fake_async/fake_async.dart:185:15)
#6      SplashScreen.build (package:breezebudy/main.dart:45:12)
#7      StatelessElement.build (package:flutter/src/widgets/framework.dart:5889:49)
#8      ComponentElement.performRebuild (package:flutter/src/widgets/framework.dart:5817:15)
#9      Element.rebuild (package:flutter/src/widgets/framework.dart:5529:7)
#10     ComponentElement._firstBuild (package:flutter/src/widgets/framework.dart:5799:5)
#11     ComponentElement.mount (package:flutter/src/widgets/framework.dart:5793:5)
...     Normal element mounting (260 frames)
#271    Element.inflateWidget (package:flutter/src/widgets/framework.dart:4587:20)
#272    MultiChildRenderObjectElement.inflateWidget (package:flutter/src/widgets/framework.dart:7264:36)
#273    MultiChildRenderObjectElement.mount (package:flutter/src/widgets/framework.dart:7279:32)
...     Normal element mounting (464 frames)
#737    Element.inflateWidget (package:flutter/src/widgets/framework.dart:4587:20)
#738    Element.updateChild (package:flutter/src/widgets/framework.dart:4053:20)
#739    ComponentElement.performRebuild (package:flutter/src/widgets/framework.dart:5841:16)
#740    Element.rebuild (package:flutter/src/widgets/framework.dart:5529:7)
#741    ProxyElement.update (package:flutter/src/widgets/framework.dart:6149:5)
#742    _InheritedNotifierElement.update (package:flutter/src/widgets/inherited_notifier.dart:108:11)
#743    Element.updateChild (package:flutter/src/widgets/framework.dart:4037:15)
#744    ComponentElement.performRebuild (package:flutter/src/widgets/framework.dart:5841:16)
#745    StatefulElement.performRebuild (package:flutter/src/widgets/framework.dart:5982:11)
#746    Element.rebuild (package:flutter/src/widgets/framework.dart:5529:7)
#747    StatefulElement.update (package:flutter/src/widgets/framework.dart:6007:5)
#748    Element.updateChild (package:flutter/src/widgets/framework.dart:4037:15)
#749    ComponentElement.performRebuild (package:flutter/src/widgets/framework.dart:5841:16)
#750    Element.rebuild (package:flutter/src/widgets/framework.dart:5529:7)
#751    ProxyElement.update (package:flutter/src/widgets/framework.dart:6149:5)
#752    _InheritedNotifierElement.update (package:flutter/src/widgets/inherited_notifier.dart:108:11)
#753    Element.updateChild (package:flutter/src/widgets/framework.dart:4037:15)
#754    ComponentElement.performRebuild (package:flutter/src/widgets/framework.dart:5841:16)
#755    StatefulElement.performRebuild (package:flutter/src/widgets/framework.dart:5982:11)
#756    Element.rebuild (package:flutter/src/widgets/framework.dart:5529:7)
#757    StatefulElement.update (package:flutter/src/widgets/framework.dart:6007:5)
#758    Element.updateChild (package:flutter/src/widgets/framework.dart:4037:15)
#759    ComponentElement.performRebuild (package:flutter/src/widgets/framework.dart:5841:16)
#760    StatefulElement.performRebuild (package:flutter/src/widgets/framework.dart:5982:11)
#761    Element.rebuild (package:flutter/src/widgets/framework.dart:5529:7)
#762    StatefulElement.update (package:flutter/src/widgets/framework.dart:6007:5)
#763    Element.updateChild (package:flutter/src/widgets/framework.dart:4037:15)
#764    ComponentElement.performRebuild (package:flutter/src/widgets/framework.dart:5841:16)
#765    Element.rebuild (package:flutter/src/widgets/framework.dart:5529:7)
#766    ProxyElement.update (package:flutter/src/widgets/framework.dart:6149:5)
#767    Element.updateChild (package:flutter/src/widgets/framework.dart:4037:15)
#768    ComponentElement.performRebuild (package:flutter/src/widgets/framework.dart:5841:16)
#769    StatefulElement.performRebuild (package:flutter/src/widgets/framework.dart:5982:11)
#770    Element.rebuild (package:flutter/src/widgets/framework.dart:5529:7)
#771    StatefulElement.update (package:flutter/src/widgets/framework.dart:6007:5)
#772    Element.updateChild (package:flutter/src/widgets/framework.dart:4037:15)
#773    ComponentElement.performRebuild (package:flutter/src/widgets/framework.dart:5841:16)
#774    Element.rebuild (package:flutter/src/widgets/framework.dart:5529:7)
#775    ProxyElement.update (package:flutter/src/widgets/framework.dart:6149:5)
#776    Element.updateChild (package:flutter/src/widgets/framework.dart:4037:15)
#777    ComponentElement.performRebuild (package:flutter/src/widgets/framework.dart:5841:16)
#778    Element.rebuild (package:flutter/src/widgets/framework.dart:5529:7)
#779    ProxyElement.update (package:flutter/src/widgets/framework.dart:6149:5)
#780    Element.updateChild (package:flutter/src/widgets/framework.dart:4037:15)
#781    _RawViewElement._updateChild (package:flutter/src/widgets/view.dart:481:16)
#782    _RawViewElement.update (package:flutter/src/widgets/view.dart:568:5)
#783    Element.updateChild (package:flutter/src/widgets/framework.dart:4037:15)
#784    ComponentElement.performRebuild (package:flutter/src/widgets/framework.dart:5841:16)
#785    Element.rebuild (package:flutter/src/widgets/framework.dart:5529:7)
#786    StatelessElement.update (package:flutter/src/widgets/framework.dart:5895:5)
#787    Element.updateChild (package:flutter/src/widgets/framework.dart:4037:15)
#788    ComponentElement.performRebuild (package:flutter/src/widgets/framework.dart:5841:16)
#789    StatefulElement.performRebuild (package:flutter/src/widgets/framework.dart:5982:11)
#790    Element.rebuild (package:flutter/src/widgets/framework.dart:5529:7)
#791    StatefulElement.update (package:flutter/src/widgets/framework.dart:6007:5)
#792    Element.updateChild (package:flutter/src/widgets/framework.dart:4037:15)
#793    RootElement._rebuild (package:flutter/src/widgets/binding.dart:1822:16)
#794    RootElement.update (package:flutter/src/widgets/binding.dart:1800:5)
#795    RootElement.performRebuild (package:flutter/src/widgets/binding.dart:1814:7)
#796    Element.rebuild (package:flutter/src/widgets/framework.dart:5529:7)
#797    BuildScope._tryRebuild (package:flutter/src/widgets/framework.dart:2750:15)
#798    BuildScope._flushDirtyElements (package:flutter/src/widgets/framework.dart:2807:11)
#799    BuildOwner.buildScope (package:flutter/src/widgets/framework.dart:3111:18)
#800    AutomatedTestWidgetsFlutterBinding.drawFrame (package:flutter_test/src/binding.dart:2131:19)
#801    RendererBinding._handlePersistentFrameCallback (package:flutter/src/rendering/binding.dart:495:5)
#802    SchedulerBinding._invokeFrameCallback (package:flutter/src/scheduler/binding.dart:1430:15)
#803    SchedulerBinding.handleDrawFrame (package:flutter/src/scheduler/binding.dart:1345:9)
#804    AutomatedTestWidgetsFlutterBinding.pump.<anonymous closure> (package:flutter_test/src/binding.dart:1960:9)
#807    TestAsyncUtils.guard (package:flutter_test/src/test_async_utils.dart:74:41)
#808    AutomatedTestWidgetsFlutterBinding.pump (package:flutter_test/src/binding.dart:1949:27)
#809    WidgetTester.pumpWidget.<anonymous closure> (package:flutter_test/src/widget_tester.dart:598:22)
#812    TestAsyncUtils.guard (package:flutter_test/src/test_async_utils.dart:74:41)
#813    WidgetTester.pumpWidget (package:flutter_test/src/widget_tester.dart:595:27)
#814    main.<anonymous closure> (file:///D:/unpam/semester%204/Senin%20-%20Mobile%20Programing/BreezeBudy%20-%20project%20UAS/breezebudy/test/widget_test.dart:15:18)
#815    testWidgets.<anonymous closure>.<anonymous closure> (package:flutter_test/src/widget_tester.dart:192:29)
<asynchronous suspension>
#816    TestWidgetsFlutterBinding._runTestBody (package:flutter_test/src/binding.dart:1682:5)
<asynchronous suspension>
<asynchronous suspension>
(elided 8 frames from dart:async and package:stack_trace)

ÔòÉÔòÉÔòí EXCEPTION CAUGHT BY FLUTTER TEST FRAMEWORK Ôò×ÔòÉÔòÉÔòÉÔòÉÔòÉÔòÉÔòÉÔòÉÔòÉÔòÉÔòÉÔòÉÔòÉÔòÉÔòÉÔòÉÔòÉÔòÉÔòÉÔòÉÔòÉÔòÉÔòÉÔòÉÔòÉÔòÉÔòÉÔòÉÔòÉÔòÉÔòÉÔòÉÔòÉÔòÉÔòÉÔòÉÔòÉÔòÉÔòÉÔòÉÔòÉÔòÉÔòÉÔòÉÔòÉÔòÉÔòÉÔòÉÔòÉÔòÉÔòÉÔòÉ
The following assertion was thrown running a test:
A Timer is still pending even after the widget tree was disposed.
'package:flutter_test/src/binding.dart':
Failed assertion: line 2242 pos 12: '!timersPending'

When the exception was thrown, this was the stack:
#2      AutomatedTestWidgetsFlutterBinding._verifyInvariants (package:flutter_test/src/binding.dart:2242:12)
#3      TestWidgetsFlutterBinding._runTestBody (package:flutter_test/src/binding.dart:1703:7)
<asynchronous suspension>
<asynchronous suspension>
(elided 3 frames from class _AssertionError and package:stack_trace)

The test description was:
  App loads and shows splash title
ÔòÉÔòÉÔòÉÔòÉÔòÉÔòÉÔòÉÔòÉÔòÉÔòÉÔòÉÔòÉÔòÉÔòÉÔòÉÔòÉÔòÉÔòÉÔòÉÔòÉÔòÉÔòÉÔòÉÔòÉÔòÉÔòÉÔòÉÔòÉÔòÉÔòÉÔòÉÔòÉÔòÉÔòÉÔòÉÔòÉÔòÉÔòÉÔòÉÔòÉÔòÉÔòÉÔòÉÔòÉÔòÉÔòÉÔòÉÔòÉÔòÉÔòÉÔòÉÔòÉÔòÉÔòÉÔòÉÔòÉÔòÉÔòÉÔòÉÔòÉÔòÉÔòÉÔòÉÔòÉÔòÉÔòÉÔòÉÔòÉÔòÉÔòÉÔòÉÔòÉÔòÉÔòÉÔòÉÔòÉÔòÉÔòÉÔòÉÔòÉÔòÉÔòÉÔòÉÔòÉÔòÉÔòÉÔòÉÔòÉÔòÉÔòÉÔòÉÔòÉÔòÉÔòÉÔòÉÔòÉÔòÉÔòÉÔòÉÔòÉ
00:01 +0 -1: App loads and shows splash title [E]
  Test failed. See exception logs above.
  The test description was: App loads and shows splash title
  
00:01 +0 -1: Some tests failed.
